[ERROR  ][2024-03-08 00:30:30]: EXIT!
[WARNING][2024-03-08 00:30:30]: It is base number.
[INFO   ][2024-03-08 00:30:30]: START TEST 
[ERROR  ][2024-03-08 00:33:26]: EXIT!
[WARNING][2024-03-08 00:33:26]: It is base number.
[INFO   ][2024-03-08 00:33:26]: START TEST
